#
# A fatal error has been detected by the Java Runtime Environment:
#
#  EXCEPTION_ACCESS_VIOLATION (0xc0000005) at pc=0x00007ff873ccd204, pid=18160, tid=9380
#
# JRE version: OpenJDK Runtime Environment Temurin-21.0.9+10 (21.0.9+10) (build 21.0.9+10-LTS)
# Java VM: OpenJDK 64-Bit Server VM Temurin-21.0.9+10 (21.0.9+10-LTS, mixed mode, sharing, tiered, compressed oops, compressed class ptrs, g1 gc, windows-amd64)
# Problematic frame:
# V  [jvm.dll+0x6d204]
#
# No core dump will be written. Minidumps are not enabled by default on client versions of Windows
#
# If you would like to submit a bug report, please visit:
#   https://github.com/adoptium/adoptium-support/issues
#

---------------  S U M M A R Y ------------

Command Line: -Dfile.encoding=UTF-8 -Dstdout.encoding=UTF-8 -Dstderr.encoding=UTF-8 -XX:+ShowCodeDetailsInExceptionMessages test.TestGame

Host: AMD Ryzen 7 3700X 8-Core Processor             , 16 cores, 15G,  Windows 10 , 64 bit Build 19041 (10.0.19041.6807)
Time: Fri Feb 27 22:51:19 2026 Paris, Madrid elapsed time: 36.625602 seconds (0d 0h 0m 36s)

---------------  T H R E A D  ---------------

Current thread (0x0000025cd58d24f0):  JavaThread "C2 CompilerThread0" daemon [_thread_in_native, id=9380, stack(0x000000b66d000000,0x000000b66d100000) (1024K)]


Current CompileTask:
C2:36625 2078       4       gui.GameDisplay::paintComponent (338 bytes)

Stack: [0x000000b66d000000,0x000000b66d100000],  sp=0x000000b66d0fc9f8,  free space=1010k
Native frames: (J=compiled Java code, j=interpreted, Vv=VM code, C=native code)
V  [jvm.dll+0x6d204]


siginfo: EXCEPTION_ACCESS_VIOLATION (0xc0000005), writing address 0x0000021d30230f90


Registers:
RAX=0x0000021d30230f88, RBX=0x000000b66d0fd140, RCX=0x0000025d30230f18, RDX=0x0000025d32b185a0
RSP=0x000000b66d0fc9f8, RBP=0x000000b66d0fcb00, RSI=0x0000000000000006, RDI=0x0000000000000a0c
R8 =0x0000000000000578, R9 =0x00007ff87460ed68, R10=0x00000000ffffffff, R11=0x000000b66d0fd548
R12=0x0000025d30230f18, R13=0x00000000000086a7, R14=0x000000000000001a, R15=0x0000000000000578
RIP=0x00007ff873ccd204, EFLAGS=0x0000000000010246

XMM[0]=0x0000000000000000 0x0000000000000000
XMM[1]=0x0000000000000000 0x0000000000000000
XMM[2]=0x0000000000000000 0x0000000000000000
XMM[3]=0x0000000000000000 0x0000000000000000
XMM[4]=0x0000000000000000 0x0000000000000000
XMM[5]=0x0000000000000000 0x0000000000000000
XMM[6]=0x0000000000000000 0x0000000000000000
XMM[7]=0x0000000000000000 0x0000000000000000
XMM[8]=0x0000000000000000 0x0000000000000000
XMM[9]=0x0000000000000000 0x0000000000000000
XMM[10]=0x0000000000000000 0x0000000000000000
XMM[11]=0x0000000000000000 0x0000000000000000
XMM[12]=0x0000000000000000 0x0000000000000000
XMM[13]=0x0000000000000000 0x0000000000000000
XMM[14]=0x0000000000000000 0x0000000000000000
XMM[15]=0x0000000000000000 0x0000000000000000
  MXCSR=0x00001fa0


Register to memory mapping:

RAX=0x0000021d30230f88 is an unknown value
RBX=0x000000b66d0fd140 is pointing into the stack for thread: 0x0000025cd58d24f0
RCX=0x0000025d30230f18 points into unknown readable memory: 0x00007ff87460ed68 | 68 ed 60 74 f8 7f 00 00
RDX=0x0000025d32b185a0 points into unknown readable memory: 0x00000000ffffffff | ff ff ff ff 00 00 00 00
RSP=0x000000b66d0fc9f8 is pointing into the stack for thread: 0x0000025cd58d24f0
RBP=0x000000b66d0fcb00 is pointing into the stack for thread: 0x0000025cd58d24f0
RSI=0x0000000000000006 is an unknown value
RDI=0x0000000000000a0c is an unknown value
R8 =0x0000000000000578 is an unknown value
R9 =0x00007ff87460ed68 jvm.dll
R10=0x00000000ffffffff is an unknown value
R11=0x000000b66d0fd548 is pointing into the stack for thread: 0x0000025cd58d24f0
R12=0x0000025d30230f18 points into unknown readable memory: 0x00007ff87460ed68 | 68 ed 60 74 f8 7f 00 00
R13=0x00000000000086a7 is an unknown value
R14=0x000000000000001a is an unknown value
R15=0x0000000000000578 is an unknown value

Top of Stack: (sp=0x000000b66d0fc9f8)
0x000000b66d0fc9f8:   00007ff87433def1 000000b66d0fd5a8
0x000000b66d0fca08:   000000000000000a 000000b66d0fd530
0x000000b66d0fca18:   000000b66d0fd530 0000025d2cfca038
0x000000b66d0fca28:   0000025d2ce532a8 0000003000000009
0x000000b66d0fca38:   00000001000007dd 0000000affffffff
0x000000b66d0fca48:   0000025d00000513 0000025d30146988
0x000000b66d0fca58:   000000b66d0fe490 0000000000000000
0x000000b66d0fca68:   0000025d00000000 00008678000086a4
0x000000b66d0fca78:   0000025d2f98b040 000000b66d0fe490
0x000000b66d0fca88:   00000000000086a4 0000000000000000
0x000000b66d0fca98:   0000025d32b0aae0 0000025cd58a9548
0x000000b66d0fcaa8:   0000025d2f98cfb8 0000000000000513
0x000000b66d0fcab8:   00007ff8745c8410 000000b66d0fd5a8
0x000000b66d0fcac8:   0000025cd58d43b8 0000000001010101
0x000000b66d0fcad8:   0000000000000000 0000000000000000
0x000000b66d0fcae8:   0000000000000000 0000025d2c7ed870
0x000000b66d0fcaf8:   0000000000007f00 00000000000002ab
0x000000b66d0fcb08:   00007ff8746f3f78 0000000000000000
0x000000b66d0fcb18:   0000000000000000 0000000000000000
0x000000b66d0fcb28:   00007ff8746f3f78 0000000000000000
0x000000b66d0fcb38:   0000025d32ad53e0 0000025d2c7eb2b0
0x000000b66d0fcb48:   0000000000000020 00000000000002ab
0x000000b66d0fcb58:   0000000000000000 0000000000000000
0x000000b66d0fcb68:   0000000000009c2e 0000025d32ad53e0
0x000000b66d0fcb78:   000000b66d0fd548 000000b66d0fd530
0x000000b66d0fcb88:   00007ff87433c3c0 000000b66d0fd530
0x000000b66d0fcb98:   000000b66d0fd548 0000025d32ad53e0
0x000000b66d0fcba8:   0000025cd58c0c00 0000025d2c7eb2b0
0x000000b66d0fcbb8:   0000000000000000 0000000000000010
0x000000b66d0fcbc8:   00000000000024a4 0000000000007fd8
0x000000b66d0fcbd8:   00007ff96733099d 000000b66d0fccb8
0x000000b66d0fcbe8:   00007ff800000000 0000000000000000 

Instructions: (pc=0x00007ff873ccd204)
0x00007ff873ccd104:   cc cc cc cc cc cc cc cc cc cc cc cc 48 8b 15 49
0x00007ff873ccd114:   66 c2 00 8d 41 fc a9 fa ff ff ff 75 0b 48 8b c2
0x00007ff873ccd124:   48 c1 e8 34 a8 01 75 11 8d 41 f6 83 f8 01 77 0c
0x00007ff873ccd134:   48 c1 ea 25 f6 c2 01 74 03 b0 01 c3 32 c0 c3 cc
0x00007ff873ccd144:   cc cc cc cc cc cc cc cc cc cc cc cc 48 83 ec 28
0x00007ff873ccd154:   48 8b 01 ff 90 c0 00 00 00 05 bd fe ff ff 83 f8
0x00007ff873ccd164:   2e 77 22 48 8d 15 92 2e f9 ff 0f b6 84 02 98 d1
0x00007ff873ccd174:   06 00 8b 8c 82 90 d1 06 00 48 03 ca ff e1 b0 01
0x00007ff873ccd184:   48 83 c4 28 c3 32 c0 48 83 c4 28 c3 82 d1 06 00
0x00007ff873ccd194:   89 d1 06 00 00 00 00 00 00 00 00 00 01 01 01 01
0x00007ff873ccd1a4:   01 01 01 01 01 01 01 01 01 01 01 01 01 01 01 01
0x00007ff873ccd1b4:   01 01 01 01 01 01 01 01 01 01 01 01 01 01 01 01
0x00007ff873ccd1c4:   01 00 00 cc cc cc cc cc cc cc cc cc 45 2b c8 81
0x00007ff873ccd1d4:   fa 2b 04 00 00 75 0d 41 8d 41 7e 3d fb 00 00 00
0x00007ff873ccd1e4:   0f 96 c0 c3 41 8d 81 80 00 00 00 3d ff 00 00 00
0x00007ff873ccd1f4:   0f 96 c0 c3 cc cc cc cc cc cc cc cc 48 8b 41 68
0x00007ff873ccd204:   48 89 50 08 44 89 40 10 c3 cc cc cc 48 8b 41 50
0x00007ff873ccd214:   48 89 50 08 44 89 40 10 c3 cc cc cc 48 89 5c 24
0x00007ff873ccd224:   10 57 48 83 ec 60 41 8b 00 48 8b f9 89 44 24 20
0x00007ff873ccd234:   49 8d 48 18 41 8b 40 04 8b da 89 44 24 24 48 8d
0x00007ff873ccd244:   54 24 38 41 8b 40 08 89 44 24 28 41 8b 40 0c 89
0x00007ff873ccd254:   44 24 2c 41 8b 40 10 89 44 24 30 41 0f b6 40 14
0x00007ff873ccd264:   88 44 24 34 48 8b 01 ff 50 10 4c 8d 44 24 20 8b
0x00007ff873ccd274:   d3 48 8b cf e8 e3 da 08 00 48 8b 5c 24 78 48 83
0x00007ff873ccd284:   c4 60 5f c3 cc cc cc cc cc cc cc cc 48 89 5c 24
0x00007ff873ccd294:   08 48 89 6c 24 10 48 89 74 24 18 48 89 7c 24 20
0x00007ff873ccd2a4:   41 56 48 83 ec 20 8b 74 24 58 48 8b f9 48 8b 09
0x00007ff873ccd2b4:   41 8b e9 45 8b f0 8b da 48 8b 01 ff 10 3b c3 0f
0x00007ff873ccd2c4:   85 87 00 00 00 48 8b 47 08 83 78 20 02 77 7d 48
0x00007ff873ccd2d4:   8b 0f 45 8b c6 8b d5 e8 70 01 00 00 83 f8 ff 74
0x00007ff873ccd2e4:   6b 48 8b 0f 8b d0 83 e2 01 ff c2 48 8b 59 08 48
0x00007ff873ccd2f4:   8b 4f 08 48 39 0c d3 75 53 8b c0 48 8b 1c c3 83 


Stack slot to memory mapping:

stack at sp + 0 slots: 0x00007ff87433def1 jvm.dll
stack at sp + 1 slots: 0x000000b66d0fd5a8 is pointing into the stack for thread: 0x0000025cd58d24f0
stack at sp + 2 slots: 0x000000000000000a is an unknown value
stack at sp + 3 slots: 0x000000b66d0fd530 is pointing into the stack for thread: 0x0000025cd58d24f0
stack at sp + 4 slots: 0x000000b66d0fd530 is pointing into the stack for thread: 0x0000025cd58d24f0
stack at sp + 5 slots: 0x0000025d2cfca038 points into unknown readable memory: 0x00007ff874610228 | 28 02 61 74 f8 7f 00 00
stack at sp + 6 slots: 0x0000025d2ce532a8 points into unknown readable memory: 0x0000025d2ce511ba | ba 11 e5 2c 5d 02 00 00
stack at sp + 7 slots: 0x0000003000000009 is an unknown value


---------------  P R O C E S S  ---------------

Threads class SMR info:
_java_thread_list=0x0000025d2c30cc10, length=17, elements={
0x0000025cd58b7b10, 0x0000025cd58b8660, 0x0000025cd58bf870, 0x0000025cd58c12d0,
0x0000025cd58c1fa0, 0x0000025cd58c29f0, 0x0000025cd58d24f0, 0x0000025cd58d4ba0,
0x0000025cd5a2ada0, 0x0000025cd5a4b9e0, 0x0000025cd5c4c460, 0x0000025cd5c5cca0,
0x0000025cd5c5d4c0, 0x0000025d2c81a4e0, 0x0000025d2c830380, 0x0000025d2c82e940,
0x0000025d2c8310a0
}

Java Threads: ( => current thread )
  0x0000025cd58b7b10 JavaThread "Reference Handler"          daemon [_thread_blocked, id=11204, stack(0x000000b66ca00000,0x000000b66cb00000) (1024K)]
  0x0000025cd58b8660 JavaThread "Finalizer"                  daemon [_thread_blocked, id=12772, stack(0x000000b66cb00000,0x000000b66cc00000) (1024K)]
  0x0000025cd58bf870 JavaThread "Signal Dispatcher"          daemon [_thread_blocked, id=9264, stack(0x000000b66cc00000,0x000000b66cd00000) (1024K)]
  0x0000025cd58c12d0 JavaThread "Attach Listener"            daemon [_thread_blocked, id=22080, stack(0x000000b66cd00000,0x000000b66ce00000) (1024K)]
  0x0000025cd58c1fa0 JavaThread "Service Thread"             daemon [_thread_blocked, id=25968, stack(0x000000b66ce00000,0x000000b66cf00000) (1024K)]
  0x0000025cd58c29f0 JavaThread "Monitor Deflation Thread"   daemon [_thread_blocked, id=4916, stack(0x000000b66cf00000,0x000000b66d000000) (1024K)]
=>0x0000025cd58d24f0 JavaThread "C2 CompilerThread0"         daemon [_thread_in_native, id=9380, stack(0x000000b66d000000,0x000000b66d100000) (1024K)]
  0x0000025cd58d4ba0 JavaThread "C1 CompilerThread0"         daemon [_thread_blocked, id=3460, stack(0x000000b66d100000,0x000000b66d200000) (1024K)]
  0x0000025cd5a2ada0 JavaThread "Notification Thread"        daemon [_thread_blocked, id=25696, stack(0x000000b66d400000,0x000000b66d500000) (1024K)]
  0x0000025cd5a4b9e0 JavaThread "Common-Cleaner"             daemon [_thread_blocked, id=19596, stack(0x000000b66d500000,0x000000b66d600000) (1024K)]
  0x0000025cd5c4c460 JavaThread "Java2D Disposer"            daemon [_thread_blocked, id=26296, stack(0x000000b66d600000,0x000000b66d700000) (1024K)]
  0x0000025cd5c5cca0 JavaThread "AWT-Shutdown"                      [_thread_blocked, id=13856, stack(0x000000b66d700000,0x000000b66d800000) (1024K)]
  0x0000025cd5c5d4c0 JavaThread "AWT-Windows"                daemon [_thread_in_native, id=2100, stack(0x000000b66d800000,0x000000b66d900000) (1024K)]
  0x0000025d2c81a4e0 JavaThread "AWT-EventQueue-0"                  [_thread_blocked, id=19856, stack(0x000000b66f800000,0x000000b66f900000) (1024K)]
  0x0000025d2c830380 JavaThread "Thread-0"                          [_thread_blocked, id=22496, stack(0x000000b66f900000,0x000000b66fa00000) (1024K)]
  0x0000025d2c82e940 JavaThread "DestroyJavaVM"                     [_thread_blocked, id=3740, stack(0x000000b66c200000,0x000000b66c300000) (1024K)]
  0x0000025d2c8310a0 JavaThread "D3D Screen Updater"         daemon [_thread_blocked, id=22812, stack(0x000000b66fa00000,0x000000b66fb00000) (1024K)]
Total: 17

Other Threads:
  0x0000025cd589a5a0 VMThread "VM Thread"                           [id=1832, stack(0x000000b66c900000,0x000000b66ca00000) (1024K)]
  0x0000025cd5886550 WatcherThread "VM Periodic Task Thread"        [id=4248, stack(0x000000b66c800000,0x000000b66c900000) (1024K)]
  0x0000025cba764190 WorkerThread "GC Thread#0"                     [id=11932, stack(0x000000b66c300000,0x000000b66c400000) (1024K)]
  0x0000025d2c81d370 WorkerThread "GC Thread#1"                     [id=2280, stack(0x000000b66fd00000,0x000000b66fe00000) (1024K)]
  0x0000025d2c81c4f0 WorkerThread "GC Thread#2"                     [id=7048, stack(0x000000b66fe00000,0x000000b66ff00000) (1024K)]
  0x0000025d2c81cc30 WorkerThread "GC Thread#3"                     [id=19448, stack(0x000000b66ff00000,0x000000b670000000) (1024K)]
  0x0000025d2c81c150 WorkerThread "GC Thread#4"                     [id=22392, stack(0x000000b670000000,0x000000b670100000) (1024K)]
  0x0000025d2c81e1f0 WorkerThread "GC Thread#5"                     [id=3824, stack(0x000000b670100000,0x000000b670200000) (1024K)]
  0x0000025d2c81dab0 WorkerThread "GC Thread#6"                     [id=6080, stack(0x000000b670200000,0x000000b670300000) (1024K)]
  0x0000025d2c81e590 WorkerThread "GC Thread#7"                     [id=3264, stack(0x000000b670300000,0x000000b670400000) (1024K)]
  0x0000025cba776120 ConcurrentGCThread "G1 Main Marker"            [id=10068, stack(0x000000b66c400000,0x000000b66c500000) (1024K)]
  0x0000025cba776b30 WorkerThread "G1 Conc#0"                       [id=17664, stack(0x000000b66c500000,0x000000b66c600000) (1024K)]
  0x0000025cba7ce4a0 ConcurrentGCThread "G1 Refine#0"               [id=4564, stack(0x000000b66c600000,0x000000b66c700000) (1024K)]
  0x0000025cd57471c0 ConcurrentGCThread "G1 Service"                [id=11460, stack(0x000000b66c700000,0x000000b66c800000) (1024K)]
Total: 14

Threads with active compile tasks:
C2 CompilerThread0  36646 2078       4       gui.GameDisplay::paintComponent (338 bytes)
Total: 1

VM state: not at safepoint (normal execution)

VM Mutex/Monitor currently owned by a thread: None

Heap address: 0x0000000700c00000, size: 4084 MB, Compressed Oops mode: Zero based, Oop shift amount: 3

CDS archive(s) mapped at: [0x0000025cd6000000-0x0000025cd6c80000-0x0000025cd6c80000), size 13107200, SharedBaseAddress: 0x0000025cd6000000, ArchiveRelocationMode: 1.
Compressed class space mapped at: 0x0000025cd7000000-0x0000025d17000000, reserved size: 1073741824
Narrow klass base: 0x0000025cd6000000, Narrow klass shift: 0, Narrow klass range: 0x100000000

GC Precious Log:
 CardTable entry size: 512
 Card Set container configuration: InlinePtr #cards 4 size 8 Array Of Cards #cards 16 size 48 Howl #buckets 8 coarsen threshold 3686 Howl Bitmap #cards 512 size 80 coarsen threshold 460 Card regions per heap region 1 cards per card region 4096
 CPUs: 16 total, 16 available
 Memory: 16334M
 Large Page Support: Disabled
 NUMA Support: Disabled
 Compressed Oops: Enabled (Zero based)
 Heap Region Size: 2M
 Heap Min Capacity: 8M
 Heap Initial Capacity: 256M
 Heap Max Capacity: 4084M
 Pre-touch: Disabled
 Parallel Workers: 13
 Concurrent Workers: 3
 Concurrent Refinement Workers: 13
 Periodic GC: Disabled

Heap:
 garbage-first heap   total 262144K, used 32867K [0x0000000700c00000, 0x0000000800000000)
  region size 2048K, 18 young (36864K), 2 survivors (4096K)
 Metaspace       used 8052K, committed 8256K, reserved 1114112K
  class space    used 818K, committed 896K, reserved 1048576K

Heap Regions: E=young(eden), S=young(survivor), O=old, HS=humongous(starts), HC=humongous(continues), CS=collection set, F=free, TAMS=top-at-mark-start, PB=parsable bottom
|   0|0x0000000700c00000, 0x0000000700c00000, 0x0000000700e00000|  0%| F|  |TAMS 0x0000000700c00000| PB 0x0000000700c00000| Untracked 
|   1|0x0000000700e00000, 0x0000000700e00000, 0x0000000701000000|  0%| F|  |TAMS 0x0000000700e00000| PB 0x0000000700e00000| Untracked 
|   2|0x0000000701000000, 0x0000000701000000, 0x0000000701200000|  0%| F|  |TAMS 0x0000000701000000| PB 0x0000000701000000| Untracked 
|   3|0x0000000701200000, 0x0000000701200000, 0x0000000701400000|  0%| F|  |TAMS 0x0000000701200000| PB 0x0000000701200000| Untracked 
|   4|0x0000000701400000, 0x0000000701400000, 0x0000000701600000|  0%| F|  |TAMS 0x0000000701400000| PB 0x0000000701400000| Untracked 
|   5|0x0000000701600000, 0x0000000701600000, 0x0000000701800000|  0%| F|  |TAMS 0x0000000701600000| PB 0x0000000701600000| Untracked 
|   6|0x0000000701800000, 0x0000000701800000, 0x0000000701a00000|  0%| F|  |TAMS 0x0000000701800000| PB 0x0000000701800000| Untracked 
|   7|0x0000000701a00000, 0x0000000701a00000, 0x0000000701c00000|  0%| F|  |TAMS 0x0000000701a00000| PB 0x0000000701a00000| Untracked 
|   8|0x0000000701c00000, 0x0000000701c00000, 0x0000000701e00000|  0%| F|  |TAMS 0x0000000701c00000| PB 0x0000000701c00000| Untracked 
|   9|0x0000000701e00000, 0x0000000701e00000, 0x0000000702000000|  0%| F|  |TAMS 0x0000000701e00000| PB 0x0000000701e00000| Untracked 
|  10|0x0000000702000000, 0x0000000702000000, 0x0000000702200000|  0%| F|  |TAMS 0x0000000702000000| PB 0x0000000702000000| Untracked 
|  11|0x0000000702200000, 0x0000000702200000, 0x0000000702400000|  0%| F|  |TAMS 0x0000000702200000| PB 0x0000000702200000| Untracked 
|  12|0x0000000702400000, 0x0000000702400000, 0x0000000702600000|  0%| F|  |TAMS 0x0000000702400000| PB 0x0000000702400000| Untracked 
|  13|0x0000000702600000, 0x0000000702600000, 0x0000000702800000|  0%| F|  |TAMS 0x0000000702600000| PB 0x0000000702600000| Untracked 
|  14|0x0000000702800000, 0x0000000702800000, 0x0000000702a00000|  0%| F|  |TAMS 0x0000000702800000| PB 0x0000000702800000| Untracked 
|  15|0x0000000702a00000, 0x0000000702a00000, 0x0000000702c00000|  0%| F|  |TAMS 0x0000000702a00000| PB 0x0000000702a00000| Untracked 
|  16|0x0000000702c00000, 0x0000000702c00000, 0x0000000702e00000|  0%| F|  |TAMS 0x0000000702c00000| PB 0x0000000702c00000| Untracked 
|  17|0x0000000702e00000, 0x0000000702e00000, 0x0000000703000000|  0%| F|  |TAMS 0x0000000702e00000| PB 0x0000000702e00000| Untracked 
|  18|0x0000000703000000, 0x0000000703000000, 0x0000000703200000|  0%| F|  |TAMS 0x0000000703000000| PB 0x0000000703000000| Untracked 
|  19|0x0000000703200000, 0x0000000703200000, 0x0000000703400000|  0%| F|  |TAMS 0x0000000703200000| PB 0x0000000703200000| Untracked 
|  20|0x0000000703400000, 0x0000000703400000, 0x0000000703600000|  0%| F|  |TAMS 0x0000000703400000| PB 0x0000000703400000| Untracked 
|  21|0x0000000703600000, 0x0000000703600000, 0x0000000703800000|  0%| F|  |TAMS 0x0000000703600000| PB 0x0000000703600000| Untracked 
|  22|0x0000000703800000, 0x0000000703800000, 0x0000000703a00000|  0%| F|  |TAMS 0x0000000703800000| PB 0x0000000703800000| Untracked 
|  23|0x0000000703a00000, 0x0000000703a00000, 0x0000000703c00000|  0%| F|  |TAMS 0x0000000703a00000| PB 0x0000000703a00000| Untracked 
|  24|0x0000000703c00000, 0x0000000703c00000, 0x0000000703e00000|  0%| F|  |TAMS 0x0000000703c00000| PB 0x0000000703c00000| Untracked 
|  25|0x0000000703e00000, 0x0000000703e00000, 0x0000000704000000|  0%| F|  |TAMS 0x0000000703e00000| PB 0x0000000703e00000| Untracked 
|  26|0x0000000704000000, 0x0000000704000000, 0x0000000704200000|  0%| F|  |TAMS 0x0000000704000000| PB 0x0000000704000000| Untracked 
|  27|0x0000000704200000, 0x0000000704200000, 0x0000000704400000|  0%| F|  |TAMS 0x0000000704200000| PB 0x0000000704200000| Untracked 
|  28|0x0000000704400000, 0x0000000704400000, 0x0000000704600000|  0%| F|  |TAMS 0x0000000704400000| PB 0x0000000704400000| Untracked 
|  29|0x0000000704600000, 0x0000000704600000, 0x0000000704800000|  0%| F|  |TAMS 0x0000000704600000| PB 0x0000000704600000| Untracked 
|  30|0x0000000704800000, 0x0000000704800000, 0x0000000704a00000|  0%| F|  |TAMS 0x0000000704800000| PB 0x0000000704800000| Untracked 
|  31|0x0000000704a00000, 0x0000000704a00000, 0x0000000704c00000|  0%| F|  |TAMS 0x0000000704a00000| PB 0x0000000704a00000| Untracked 
|  32|0x0000000704c00000, 0x0000000704c00000, 0x0000000704e00000|  0%| F|  |TAMS 0x0000000704c00000| PB 0x0000000704c00000| Untracked 
|  33|0x0000000704e00000, 0x0000000704e00000, 0x0000000705000000|  0%| F|  |TAMS 0x0000000704e00000| PB 0x0000000704e00000| Untracked 
|  34|0x0000000705000000, 0x0000000705000000, 0x0000000705200000|  0%| F|  |TAMS 0x0000000705000000| PB 0x0000000705000000| Untracked 
|  35|0x0000000705200000, 0x0000000705200000, 0x0000000705400000|  0%| F|  |TAMS 0x0000000705200000| PB 0x0000000705200000| Untracked 
|  36|0x0000000705400000, 0x0000000705400000, 0x0000000705600000|  0%| F|  |TAMS 0x0000000705400000| PB 0x0000000705400000| Untracked 
|  37|0x0000000705600000, 0x0000000705600000, 0x0000000705800000|  0%| F|  |TAMS 0x0000000705600000| PB 0x0000000705600000| Untracked 
|  38|0x0000000705800000, 0x0000000705800000, 0x0000000705a00000|  0%| F|  |TAMS 0x0000000705800000| PB 0x0000000705800000| Untracked 
|  39|0x0000000705a00000, 0x0000000705a00000, 0x0000000705c00000|  0%| F|  |TAMS 0x0000000705a00000| PB 0x0000000705a00000| Untracked 
|  40|0x0000000705c00000, 0x0000000705c00000, 0x0000000705e00000|  0%| F|  |TAMS 0x0000000705c00000| PB 0x0000000705c00000| Untracked 
|  41|0x0000000705e00000, 0x0000000705e00000, 0x0000000706000000|  0%| F|  |TAMS 0x0000000705e00000| PB 0x0000000705e00000| Untracked 
|  42|0x0000000706000000, 0x0000000706000000, 0x0000000706200000|  0%| F|  |TAMS 0x0000000706000000| PB 0x0000000706000000| Untracked 
|  43|0x0000000706200000, 0x0000000706200000, 0x0000000706400000|  0%| F|  |TAMS 0x0000000706200000| PB 0x0000000706200000| Untracked 
|  44|0x0000000706400000, 0x0000000706400000, 0x0000000706600000|  0%| F|  |TAMS 0x0000000706400000| PB 0x0000000706400000| Untracked 
|  45|0x0000000706600000, 0x0000000706600000, 0x0000000706800000|  0%| F|  |TAMS 0x0000000706600000| PB 0x0000000706600000| Untracked 
|  46|0x0000000706800000, 0x0000000706800000, 0x0000000706a00000|  0%| F|  |TAMS 0x0000000706800000| PB 0x0000000706800000| Untracked 
|  47|0x0000000706a00000, 0x0000000706a00000, 0x0000000706c00000|  0%| F|  |TAMS 0x0000000706a00000| PB 0x0000000706a00000| Untracked 
|  48|0x0000000706c00000, 0x0000000706c00000, 0x0000000706e00000|  0%| F|  |TAMS 0x0000000706c00000| PB 0x0000000706c00000| Untracked 
|  49|0x0000000706e00000, 0x0000000706e00000, 0x0000000707000000|  0%| F|  |TAMS 0x0000000706e00000| PB 0x0000000706e00000| Untracked 
|  50|0x0000000707000000, 0x0000000707018fa0, 0x0000000707200000|  4%| S|CS|TAMS 0x0000000707000000| PB 0x0000000707000000| Complete 
|  51|0x0000000707200000, 0x0000000707400000, 0x0000000707400000|100%| S|CS|TAMS 0x0000000707200000| PB 0x0000000707200000| Complete 
|  52|0x0000000707400000, 0x0000000707400000, 0x0000000707600000|  0%| F|  |TAMS 0x0000000707400000| PB 0x0000000707400000| Untracked 
|  53|0x0000000707600000, 0x0000000707600000, 0x0000000707800000|  0%| F|  |TAMS 0x0000000707600000| PB 0x0000000707600000| Untracked 
|  54|0x0000000707800000, 0x0000000707800000, 0x0000000707a00000|  0%| F|  |TAMS 0x0000000707800000| PB 0x0000000707800000| Untracked 
|  55|0x0000000707a00000, 0x0000000707a00000, 0x0000000707c00000|  0%| F|  |TAMS 0x0000000707a00000| PB 0x0000000707a00000| Untracked 
|  56|0x0000000707c00000, 0x0000000707c00000, 0x0000000707e00000|  0%| F|  |TAMS 0x0000000707c00000| PB 0x0000000707c00000| Untracked 
|  57|0x0000000707e00000, 0x0000000707e00000, 0x0000000708000000|  0%| F|  |TAMS 0x0000000707e00000| PB 0x0000000707e00000| Untracked 
|  58|0x0000000708000000, 0x0000000708000000, 0x0000000708200000|  0%| F|  |TAMS 0x0000000708000000| PB 0x0000000708000000| Untracked 
|  59|0x0000000708200000, 0x0000000708200000, 0x0000000708400000|  0%| F|  |TAMS 0x0000000708200000| PB 0x0000000708200000| Untracked 
|  60|0x0000000708400000, 0x0000000708400000, 0x0000000708600000|  0%| F|  |TAMS 0x0000000708400000| PB 0x0000000708400000| Untracked 
|  61|0x0000000708600000, 0x0000000708600000, 0x0000000708800000|  0%| F|  |TAMS 0x0000000708600000| PB 0x0000000708600000| Untracked 
|  62|0x0000000708800000, 0x0000000708800000, 0x0000000708a00000|  0%| F|  |TAMS 0x0000000708800000| PB 0x0000000708800000| Untracked 
|  63|0x0000000708a00000, 0x0000000708a00000, 0x0000000708c00000|  0%| F|  |TAMS 0x0000000708a00000| PB 0x0000000708a00000| Untracked 
|  64|0x0000000708c00000, 0x0000000708c00000, 0x0000000708e00000|  0%| F|  |TAMS 0x0000000708c00000| PB 0x0000000708c00000| Untracked 
|  65|0x0000000708e00000, 0x0000000708e00000, 0x0000000709000000|  0%| F|  |TAMS 0x0000000708e00000| PB 0x0000000708e00000| Untracked 
|  66|0x0000000709000000, 0x0000000709000000, 0x0000000709200000|  0%| F|  |TAMS 0x0000000709000000| PB 0x0000000709000000| Untracked 
|  67|0x0000000709200000, 0x0000000709200000, 0x0000000709400000|  0%| F|  |TAMS 0x0000000709200000| PB 0x0000000709200000| Untracked 
|  68|0x0000000709400000, 0x0000000709400000, 0x0000000709600000|  0%| F|  |TAMS 0x0000000709400000| PB 0x0000000709400000| Untracked 
|  69|0x0000000709600000, 0x0000000709600000, 0x0000000709800000|  0%| F|  |TAMS 0x0000000709600000| PB 0x0000000709600000| Untracked 
|  70|0x0000000709800000, 0x0000000709800000, 0x0000000709a00000|  0%| F|  |TAMS 0x0000000709800000| PB 0x0000000709800000| Untracked 
|  71|0x0000000709a00000, 0x0000000709a00000, 0x0000000709c00000|  0%| F|  |TAMS 0x0000000709a00000| PB 0x0000000709a00000| Untracked 
|  72|0x0000000709c00000, 0x0000000709c00000, 0x0000000709e00000|  0%| F|  |TAMS 0x0000000709c00000| PB 0x0000000709c00000| Untracked 
|  73|0x0000000709e00000, 0x0000000709e00000, 0x000000070a000000|  0%| F|  |TAMS 0x0000000709e00000| PB 0x0000000709e00000| Untracked 
|  74|0x000000070a000000, 0x000000070a000000, 0x000000070a200000|  0%| F|  |TAMS 0x000000070a000000| PB 0x000000070a000000| Untracked 
|  75|0x000000070a200000, 0x000000070a200000, 0x000000070a400000|  0%| F|  |TAMS 0x000000070a200000| PB 0x000000070a200000| Untracked 
|  76|0x000000070a400000, 0x000000070a400000, 0x000000070a600000|  0%| F|  |TAMS 0x000000070a400000| PB 0x000000070a400000| Untracked 
|  77|0x000000070a600000, 0x000000070a600000, 0x000000070a800000|  0%| F|  |TAMS 0x000000070a600000| PB 0x000000070a600000| Untracked 
|  78|0x000000070a800000, 0x000000070a800000, 0x000000070aa00000|  0%| F|  |TAMS 0x000000070a800000| PB 0x000000070a800000| Untracked 
|  79|0x000000070aa00000, 0x000000070aa00000, 0x000000070ac00000|  0%| F|  |TAMS 0x000000070aa00000| PB 0x000000070aa00000| Untracked 
|  80|0x000000070ac00000, 0x000000070ac00000, 0x000000070ae00000|  0%| F|  |TAMS 0x000000070ac00000| PB 0x000000070ac00000| Untracked 
|  81|0x000000070ae00000, 0x000000070ae00000, 0x000000070b000000|  0%| F|  |TAMS 0x000000070ae00000| PB 0x000000070ae00000| Untracked 
|  82|0x000000070b000000, 0x000000070b000000, 0x000000070b200000|  0%| F|  |TAMS 0x000000070b000000| PB 0x000000070b000000| Untracked 
|  83|0x000000070b200000, 0x000000070b200000, 0x000000070b400000|  0%| F|  |TAMS 0x000000070b200000| PB 0x000000070b200000| Untracked 
|  84|0x000000070b400000, 0x000000070b400000, 0x000000070b600000|  0%| F|  |TAMS 0x000000070b400000| PB 0x000000070b400000| Untracked 
|  85|0x000000070b600000, 0x000000070b600000, 0x000000070b800000|  0%| F|  |TAMS 0x000000070b600000| PB 0x000000070b600000| Untracked 
|  86|0x000000070b800000, 0x000000070b800000, 0x000000070ba00000|  0%| F|  |TAMS 0x000000070b800000| PB 0x000000070b800000| Untracked 
|  87|0x000000070ba00000, 0x000000070ba00000, 0x000000070bc00000|  0%| F|  |TAMS 0x000000070ba00000| PB 0x000000070ba00000| Untracked 
|  88|0x000000070bc00000, 0x000000070bc00000, 0x000000070be00000|  0%| F|  |TAMS 0x000000070bc00000| PB 0x000000070bc00000| Untracked 
|  89|0x000000070be00000, 0x000000070be00000, 0x000000070c000000|  0%| F|  |TAMS 0x000000070be00000| PB 0x000000070be00000| Untracked 
|  90|0x000000070c000000, 0x000000070c000000, 0x000000070c200000|  0%| F|  |TAMS 0x000000070c000000| PB 0x000000070c000000| Untracked 
|  91|0x000000070c200000, 0x000000070c200000, 0x000000070c400000|  0%| F|  |TAMS 0x000000070c200000| PB 0x000000070c200000| Untracked 
|  92|0x000000070c400000, 0x000000070c400000, 0x000000070c600000|  0%| F|  |TAMS 0x000000070c400000| PB 0x000000070c400000| Untracked 
|  93|0x000000070c600000, 0x000000070c600000, 0x000000070c800000|  0%| F|  |TAMS 0x000000070c600000| PB 0x000000070c600000| Untracked 
|  94|0x000000070c800000, 0x000000070c800000, 0x000000070ca00000|  0%| F|  |TAMS 0x000000070c800000| PB 0x000000070c800000| Untracked 
|  95|0x000000070ca00000, 0x000000070ca00000, 0x000000070cc00000|  0%| F|  |TAMS 0x000000070ca00000| PB 0x000000070ca00000| Untracked 
|  96|0x000000070cc00000, 0x000000070cc00000, 0x000000070ce00000|  0%| F|  |TAMS 0x000000070cc00000| PB 0x000000070cc00000| Untracked 
|  97|0x000000070ce00000, 0x000000070ce00000, 0x000000070d000000|  0%| F|  |TAMS 0x000000070ce00000| PB 0x000000070ce00000| Untracked 
|  98|0x000000070d000000, 0x000000070d000000, 0x000000070d200000|  0%| F|  |TAMS 0x000000070d000000| PB 0x000000070d000000| Untracked 
|  99|0x000000070d200000, 0x000000070d200000, 0x000000070d400000|  0%| F|  |TAMS 0x000000070d200000| PB 0x000000070d200000| Untracked 
| 100|0x000000070d400000, 0x000000070d400000, 0x000000070d600000|  0%| F|  |TAMS 0x000000070d400000| PB 0x000000070d400000| Untracked 
| 101|0x000000070d600000, 0x000000070d600000, 0x000000070d800000|  0%| F|  |TAMS 0x000000070d600000| PB 0x000000070d600000| Untracked 
| 102|0x000000070d800000, 0x000000070d800000, 0x000000070da00000|  0%| F|  |TAMS 0x000000070d800000| PB 0x000000070d800000| Untracked 
| 103|0x000000070da00000, 0x000000070da00000, 0x000000070dc00000|  0%| F|  |TAMS 0x000000070da00000| PB 0x000000070da00000| Untracked 
| 104|0x000000070dc00000, 0x000000070dc00000, 0x000000070de00000|  0%| F|  |TAMS 0x000000070dc00000| PB 0x000000070dc00000| Untracked 
| 105|0x000000070de00000, 0x000000070de00000, 0x000000070e000000|  0%| F|  |TAMS 0x000000070de00000| PB 0x000000070de00000| Untracked 
| 106|0x000000070e000000, 0x000000070e000000, 0x000000070e200000|  0%| F|  |TAMS 0x000000070e000000| PB 0x000000070e000000| Untracked 
| 107|0x000000070e200000, 0x000000070e200000, 0x000000070e400000|  0%| F|  |TAMS 0x000000070e200000| PB 0x000000070e200000| Untracked 
| 108|0x000000070e400000, 0x000000070e400000, 0x000000070e600000|  0%| F|  |TAMS 0x000000070e400000| PB 0x000000070e400000| Untracked 
| 109|0x000000070e600000, 0x000000070e600000, 0x000000070e800000|  0%| F|  |TAMS 0x000000070e600000| PB 0x000000070e600000| Untracked 
| 110|0x000000070e800000, 0x000000070e800000, 0x000000070ea00000|  0%| F|  |TAMS 0x000000070e800000| PB 0x000000070e800000| Untracked 
| 111|0x000000070ea00000, 0x000000070ea00000, 0x000000070ec00000|  0%| F|  |TAMS 0x000000070ea00000| PB 0x000000070ea00000| Untracked 
| 112|0x000000070ec00000, 0x000000070ed00000, 0x000000070ee00000| 50%| E|  |TAMS 0x000000070ec00000| PB 0x000000070ec00000| Complete 
| 113|0x000000070ee00000, 0x000000070f000000, 0x000000070f000000|100%| E|CS|TAMS 0x000000070ee00000| PB 0x000000070ee00000| Complete 
| 114|0x000000070f000000, 0x000000070f200000, 0x000000070f200000|100%| E|CS|TAMS 0x000000070f000000| PB 0x000000070f000000| Complete 
| 115|0x000000070f200000, 0x000000070f400000, 0x000000070f400000|100%| E|CS|TAMS 0x000000070f200000| PB 0x000000070f200000| Complete 
| 116|0x000000070f400000, 0x000000070f600000, 0x000000070f600000|100%| E|CS|TAMS 0x000000070f400000| PB 0x000000070f400000| Complete 
| 117|0x000000070f600000, 0x000000070f800000, 0x000000070f800000|100%| E|CS|TAMS 0x000000070f600000| PB 0x000000070f600000| Complete 
| 118|0x000000070f800000, 0x000000070fa00000, 0x000000070fa00000|100%| E|CS|TAMS 0x000000070f800000| PB 0x000000070f800000| Complete 
| 119|0x000000070fa00000, 0x000000070fc00000, 0x000000070fc00000|100%| E|CS|TAMS 0x000000070fa00000| PB 0x000000070fa00000| Complete 
| 120|0x000000070fc00000, 0x000000070fe00000, 0x000000070fe00000|100%| E|CS|TAMS 0x000000070fc00000| PB 0x000000070fc00000| Complete 
| 121|0x000000070fe00000, 0x0000000710000000, 0x0000000710000000|100%| E|CS|TAMS 0x000000070fe00000| PB 0x000000070fe00000| Complete 
| 122|0x0000000710000000, 0x0000000710200000, 0x0000000710200000|100%| E|CS|TAMS 0x0000000710000000| PB 0x0000000710000000| Complete 
| 123|0x0000000710200000, 0x0000000710400000, 0x0000000710400000|100%| E|CS|TAMS 0x0000000710200000| PB 0x0000000710200000| Complete 
| 124|0x0000000710400000, 0x0000000710600000, 0x0000000710600000|100%| E|CS|TAMS 0x0000000710400000| PB 0x0000000710400000| Complete 
| 125|0x0000000710600000, 0x0000000710800000, 0x0000000710800000|100%| E|CS|TAMS 0x0000000710600000| PB 0x0000000710600000| Complete 
| 126|0x0000000710800000, 0x0000000710a00000, 0x0000000710a00000|100%| E|CS|TAMS 0x0000000710800000| PB 0x0000000710800000| Complete 
| 127|0x0000000710a00000, 0x0000000710c00000, 0x0000000710c00000|100%| E|CS|TAMS 0x0000000710a00000| PB 0x0000000710a00000| Complete 

Card table byte_map: [0x0000025cce130000,0x0000025cce930000] _byte_map_base: 0x0000025cca92a000

Marking Bits: (CMBitMap*) 0x0000025cba764fb0
 Bits: [0x0000025cce930000, 0x0000025cd2900000)

Polling page: 0x0000025cb8390000

Metaspace:

Usage:
  Non-class:      7.06 MB used.
      Class:    818.55 KB used.
       Both:      7.86 MB used.

Virtual space:
  Non-class space:       64.00 MB reserved,       7.19 MB ( 11%) committed,  1 nodes.
      Class space:        1.00 GB reserved,     896.00 KB ( <1%) committed,  1 nodes.
             Both:        1.06 GB reserved,       8.06 MB ( <1%) committed. 

Chunk freelists:
   Non-Class:  8.41 MB
       Class:  15.08 MB
        Both:  23.49 MB

MaxMetaspaceSize: unlimited
CompressedClassSpaceSize: 1.00 GB
Initial GC threshold: 21.00 MB
Current GC threshold: 21.00 MB
CDS: on
 - commit_granule_bytes: 65536.
 - commit_granule_words: 8192.
 - virtual_space_node_default_size: 8388608.
 - enlarge_chunks_in_place: 1.
 - use_allocation_guard: 0.


Internal statistics:

num_allocs_failed_limit: 0.
num_arena_births: 182.
num_arena_deaths: 0.
num_vsnodes_births: 2.
num_vsnodes_deaths: 0.
num_space_committed: 129.
num_space_uncommitted: 0.
num_chunks_returned_to_freelist: 0.
num_chunks_taken_from_freelist: 251.
num_chunk_merges: 0.
num_chunk_splits: 146.
num_chunks_enlarged: 61.
num_inconsistent_stats: 0.

CodeHeap 'non-profiled nmethods': size=119168Kb used=1385Kb max_used=1385Kb free=117782Kb
 bounds [0x0000025cc5c50000, 0x0000025cc5ec0000, 0x0000025ccd0b0000]
CodeHeap 'profiled nmethods': size=119104Kb used=3594Kb max_used=3594Kb free=115509Kb
 bounds [0x0000025cbe0b0000, 0x0000025cbe440000, 0x0000025cc5500000]
CodeHeap 'non-nmethods': size=7488Kb used=1476Kb max_used=3164Kb free=6012Kb
 bounds [0x0000025cc5500000, 0x0000025cc5820000, 0x0000025cc5c50000]
CodeCache: size=245760Kb, used=6455Kb, max_used=8143Kb, free=239303Kb
 total_blobs=2671, nmethods=2077, adapters=497, full_count=0
Compilation: enabled, stopped_count=0, restarted_count=0

Compilation events (20 events):
Event: 32.894 Thread 0x0000025cd58d24f0 nmethod 2068 0x0000025cc5da7890 code [0x0000025cc5da7a20, 0x0000025cc5da7b18]
Event: 33.614 Thread 0x0000025cd58d4ba0 2069       3       gui.PaintStrategy::paintUnitInfo (402 bytes)
Event: 33.616 Thread 0x0000025cd58d4ba0 nmethod 2069 0x0000025cbe42d490 code [0x0000025cbe42db80, 0x0000025cbe430e18]
Event: 33.686 Thread 0x0000025cd58d24f0 2070       4       java.util.Arrays::copyOf (40 bytes)
Event: 33.689 Thread 0x0000025cd58d24f0 nmethod 2070 0x0000025cc5da7c10 code [0x0000025cc5da7dc0, 0x0000025cc5da8280]
Event: 34.621 Thread 0x0000025cd58d24f0 2071       4       java.awt.Component::eventTypeEnabled (487 bytes)
Event: 34.622 Thread 0x0000025cd58d24f0 nmethod 2071 0x0000025cc5da8510 code [0x0000025cc5da86a0, 0x0000025cc5da8820]
Event: 34.688 Thread 0x0000025cd58d24f0 2072       4       java.util.Arrays::copyOf (40 bytes)
Event: 34.691 Thread 0x0000025cd58d24f0 nmethod 2072 0x0000025cc5da8910 code [0x0000025cc5da8ac0, 0x0000025cc5da8fd8]
Event: 35.042 Thread 0x0000025cd58d24f0 2073       4       sun.font.Font2D::updateLastStrikeRef (42 bytes)
Event: 35.044 Thread 0x0000025cd58d24f0 nmethod 2073 0x0000025cc5da9210 code [0x0000025cc5da93c0, 0x0000025cc5da9760]
Event: 35.488 Thread 0x0000025cd58d4ba0 2074       3       javax.swing.border.AbstractBorder::getBorderInsets (17 bytes)
Event: 35.488 Thread 0x0000025cd58d4ba0 nmethod 2074 0x0000025cbe431f10 code [0x0000025cbe4320e0, 0x0000025cbe4323d8]
Event: 35.760 Thread 0x0000025cd58d4ba0 2075       3       java.awt.event.MouseEvent::setOldModifiers (273 bytes)
Event: 35.761 Thread 0x0000025cd58d4ba0 nmethod 2075 0x0000025cbe432510 code [0x0000025cbe4326c0, 0x0000025cbe432b30]
Event: 35.803 Thread 0x0000025cd58d4ba0 2076       1       sun.font.FontDesignMetrics$MetricsKey::hashCode (5 bytes)
Event: 35.803 Thread 0x0000025cd58d4ba0 nmethod 2076 0x0000025cc5da9910 code [0x0000025cc5da9aa0, 0x0000025cc5da9b68]
Event: 35.939 Thread 0x0000025cd58d24f0 2077       4       sun.font.FontStrikeDesc::hashCode (36 bytes)
Event: 35.942 Thread 0x0000025cd58d24f0 nmethod 2077 0x0000025cc5da9c10 code [0x0000025cc5da9dc0, 0x0000025cc5daa3b0]
Event: 36.385 Thread 0x0000025cd58d24f0 2078       4       gui.GameDisplay::paintComponent (338 bytes)

GC Heap History (14 events):
Event: 0.959 GC heap before
{Heap before GC invocations=0 (full 0):
 garbage-first heap   total 262144K, used 22528K [0x0000000700c00000, 0x0000000800000000)
  region size 2048K, 11 young (22528K), 0 survivors (0K)
 Metaspace       used 7452K, committed 7616K, reserved 1114112K
  class space    used 797K, committed 896K, reserved 1048576K
}
Event: 0.961 GC heap after
{Heap after GC invocations=1 (full 0):
 garbage-first heap   total 262144K, used 2204K [0x0000000700c00000, 0x0000000800000000)
  region size 2048K, 2 young (4096K), 2 survivors (4096K)
 Metaspace       used 7452K, committed 7616K, reserved 1114112K
  class space    used 797K, committed 896K, reserved 1048576K
}
Event: 2.613 GC heap before
{Heap before GC invocations=1 (full 0):
 garbage-first heap   total 262144K, used 41116K [0x0000000700c00000, 0x0000000800000000)
  region size 2048K, 21 young (43008K), 2 survivors (4096K)
 Metaspace       used 7792K, committed 8000K, reserved 1114112K
  class space    used 808K, committed 896K, reserved 1048576K
}
Event: 2.615 GC heap after
{Heap after GC invocations=2 (full 0):
 garbage-first heap   total 262144K, used 2145K [0x0000000700c00000, 0x0000000800000000)
  region size 2048K, 2 young (4096K), 2 survivors (4096K)
 Metaspace       used 7792K, committed 8000K, reserved 1114112K
  class space    used 808K, committed 896K, reserved 1048576K
}
Event: 9.224 GC heap before
{Heap before GC invocations=2 (full 0):
 garbage-first heap   total 262144K, used 153697K [0x0000000700c00000, 0x0000000800000000)
  region size 2048K, 76 young (155648K), 2 survivors (4096K)
 Metaspace       used 8038K, committed 8256K, reserved 1114112K
  class space    used 818K, committed 896K, reserved 1048576K
}
Event: 9.226 GC heap after
{Heap after GC invocations=3 (full 0):
 garbage-first heap   total 262144K, used 2245K [0x0000000700c00000, 0x0000000800000000)
  region size 2048K, 2 young (4096K), 2 survivors (4096K)
 Metaspace       used 8038K, committed 8256K, reserved 1114112K
  class space    used 818K, committed 896K, reserved 1048576K
}
Event: 15.800 GC heap before
{Heap before GC invocations=3 (full 0):
 garbage-first heap   total 262144K, used 153797K [0x0000000700c00000, 0x0000000800000000)
  region size 2048K, 76 young (155648K), 2 survivors (4096K)
 Metaspace       used 8047K, committed 8256K, reserved 1114112K
  class space    used 818K, committed 896K, reserved 1048576K
}
Event: 15.802 GC heap after
{Heap after GC invocations=4 (full 0):
 garbage-first heap   total 262144K, used 2194K [0x0000000700c00000, 0x0000000800000000)
  region size 2048K, 2 young (4096K), 2 survivors (4096K)
 Metaspace       used 8047K, committed 8256K, reserved 1114112K
  class space    used 818K, committed 896K, reserved 1048576K
}
Event: 22.313 GC heap before
{Heap before GC invocations=4 (full 0):
 garbage-first heap   total 262144K, used 153746K [0x0000000700c00000, 0x0000000800000000)
  region size 2048K, 76 young (155648K), 2 survivors (4096K)
 Metaspace       used 8050K, committed 8256K, reserved 1114112K
  class space    used 818K, committed 896K, reserved 1048576K
}
Event: 22.314 GC heap after
{Heap after GC invocations=5 (full 0):
 garbage-first heap   total 262144K, used 2246K [0x0000000700c00000, 0x0000000800000000)
  region size 2048K, 2 young (4096K), 2 survivors (4096K)
 Metaspace       used 8050K, committed 8256K, reserved 1114112K
  class space    used 818K, committed 896K, reserved 1048576K
}
Event: 28.818 GC heap before
{Heap before GC invocations=5 (full 0):
 garbage-first heap   total 262144K, used 153798K [0x0000000700c00000, 0x0000000800000000)
  region size 2048K, 76 young (155648K), 2 survivors (4096K)
 Metaspace       used 8051K, committed 8256K, reserved 1114112K
  class space    used 818K, committed 896K, reserved 1048576K
}
Event: 28.820 GC heap after
{Heap after GC invocations=6 (full 0):
 garbage-first heap   total 262144K, used 2297K [0x0000000700c00000, 0x0000000800000000)
  region size 2048K, 2 young (4096K), 2 survivors (4096K)
 Metaspace       used 8051K, committed 8256K, reserved 1114112K
  class space    used 818K, committed 896K, reserved 1048576K
}
Event: 35.305 GC heap before
{Heap before GC invocations=6 (full 0):
 garbage-first heap   total 262144K, used 153849K [0x0000000700c00000, 0x0000000800000000)
  region size 2048K, 76 young (155648K), 2 survivors (4096K)
 Metaspace       used 8052K, committed 8256K, reserved 1114112K
  class space    used 818K, committed 896K, reserved 1048576K
}
Event: 35.307 GC heap after
{Heap after GC invocations=7 (full 0):
 garbage-first heap   total 262144K, used 2147K [0x0000000700c00000, 0x0000000800000000)
  region size 2048K, 2 young (4096K), 2 survivors (4096K)
 Metaspace       used 8052K, committed 8256K, reserved 1114112K
  class space    used 818K, committed 896K, reserved 1048576K
}

Dll operation events (8 events):
Event: 0.004 Loaded shared library C:\Users\ilias\.p2\pool\plugins\org.eclipse.justj.openjdk.hotspot.jre.full.win32.x86_64_21.0.9.v20251105-0741\jre\bin\java.dll
Event: 0.024 Loaded shared library C:\Users\ilias\.p2\pool\plugins\org.eclipse.justj.openjdk.hotspot.jre.full.win32.x86_64_21.0.9.v20251105-0741\jre\bin\zip.dll
Event: 0.052 Loaded shared library C:\Users\ilias\.p2\pool\plugins\org.eclipse.justj.openjdk.hotspot.jre.full.win32.x86_64_21.0.9.v20251105-0741\jre\bin\jimage.dll
Event: 0.065 Loaded shared library C:\Users\ilias\.p2\pool\plugins\org.eclipse.justj.openjdk.hotspot.jre.full.win32.x86_64_21.0.9.v20251105-0741\jre\bin\awt.dll
Event: 0.330 Loaded shared library C:\Users\ilias\.p2\pool\plugins\org.eclipse.justj.openjdk.hotspot.jre.full.win32.x86_64_21.0.9.v20251105-0741\jre\bin\freetype.dll
Event: 0.330 Loaded shared library C:\Users\ilias\.p2\pool\plugins\org.eclipse.justj.openjdk.hotspot.jre.full.win32.x86_64_21.0.9.v20251105-0741\jre\bin\fontmanager.dll
Event: 0.350 Loaded shared library C:\Users\ilias\.p2\pool\plugins\org.eclipse.justj.openjdk.hotspot.jre.full.win32.x86_64_21.0.9.v20251105-0741\jre\bin\net.dll
Event: 0.352 Loaded shared library C:\Users\ilias\.p2\pool\plugins\org.eclipse.justj.openjdk.hotspot.jre.full.win32.x86_64_21.0.9.v20251105-0741\jre\bin\nio.dll

Deoptimization events (20 events):
Event: 5.787 Thread 0x0000025d2c81a4e0 DEOPT PACKING pc=0x0000025cc5d0694c sp=0x000000b66f8fefe0
Event: 5.787 Thread 0x0000025d2c81a4e0 DEOPT UNPACKING pc=0x0000025cc5554422 sp=0x000000b66f8fef78 mode 2
Event: 6.934 Thread 0x0000025d2c81a4e0 Uncommon trap: trap_request=0xffffff45 fr.pc=0x0000025cc5cef8e0 relative=0x0000000000000820
Event: 6.934 Thread 0x0000025d2c81a4e0 Uncommon trap: reason=unstable_if action=reinterpret pc=0x0000025cc5cef8e0 method=sun.java2d.pipe.BufferedTextPipe.enqueueGlyphList(Lsun/java2d/SunGraphics2D;Lsun/font/GlyphList;)V @ 99 c2
Event: 6.934 Thread 0x0000025d2c81a4e0 DEOPT PACKING pc=0x0000025cc5cef8e0 sp=0x000000b66f8fe320
Event: 6.934 Thread 0x0000025d2c81a4e0 DEOPT UNPACKING pc=0x0000025cc5554422 sp=0x000000b66f8fe238 mode 2
Event: 6.937 Thread 0x0000025d2c81a4e0 Uncommon trap: trap_request=0xffffff45 fr.pc=0x0000025cc5cedd44 relative=0x0000000000000424
Event: 6.937 Thread 0x0000025d2c81a4e0 Uncommon trap: reason=unstable_if action=reinterpret pc=0x0000025cc5cedd44 method=sun.java2d.pipe.BufferedTextPipe.enqueueGlyphList(Lsun/java2d/SunGraphics2D;Lsun/font/GlyphList;)V @ 99 c2
Event: 6.937 Thread 0x0000025d2c81a4e0 DEOPT PACKING pc=0x0000025cc5cedd44 sp=0x000000b66f8fe280
Event: 6.937 Thread 0x0000025d2c81a4e0 DEOPT UNPACKING pc=0x0000025cc5554422 sp=0x000000b66f8fe230 mode 2
Event: 6.997 Thread 0x0000025d2c81a4e0 DEOPT PACKING pc=0x0000025cbe2cf020 sp=0x000000b66f8fee80
Event: 6.997 Thread 0x0000025d2c81a4e0 DEOPT UNPACKING pc=0x0000025cc5554bc2 sp=0x000000b66f8fe310 mode 0
Event: 14.169 Thread 0x0000025d2c81a4e0 Uncommon trap: trap_request=0xffffff6e fr.pc=0x0000025cc5d5f4b4 relative=0x0000000000002594
Event: 14.169 Thread 0x0000025d2c81a4e0 Uncommon trap: reason=loop_limit_check action=maybe_recompile pc=0x0000025cc5d5f4b4 method=java.awt.EventDispatchThread.filterAndCheckEvent(Ljava/awt/AWTEvent;)Z @ 22 c2
Event: 14.169 Thread 0x0000025d2c81a4e0 DEOPT PACKING pc=0x0000025cc5d5f4b4 sp=0x000000b66f8ff2a0
Event: 14.169 Thread 0x0000025d2c81a4e0 DEOPT UNPACKING pc=0x0000025cc5554422 sp=0x000000b66f8ff210 mode 2
Event: 33.691 Thread 0x0000025d2c8310a0 Uncommon trap: trap_request=0xffffffcc fr.pc=0x0000025cc5da8018 relative=0x0000000000000258
Event: 33.691 Thread 0x0000025d2c8310a0 Uncommon trap: reason=intrinsic_or_type_checked_inlining action=make_not_entrant pc=0x0000025cc5da8018 method=java.util.Arrays.copyOf([Ljava/lang/Object;ILjava/lang/Class;)[Ljava/lang/Object; @ 35 c2
Event: 33.691 Thread 0x0000025d2c8310a0 DEOPT PACKING pc=0x0000025cc5da8018 sp=0x000000b66faff110
Event: 33.691 Thread 0x0000025d2c8310a0 DEOPT UNPACKING pc=0x0000025cc5554422 sp=0x000000b66faff0a0 mode 2

Classes loaded (20 events):
Event: 0.982 Loading class java/awt/event/MouseWheelEvent
Event: 0.982 Loading class java/awt/event/MouseWheelEvent done
Event: 0.985 Loading class javax/swing/event/ChangeEvent
Event: 0.985 Loading class javax/swing/event/ChangeEvent done
Event: 1.010 Loading class java/awt/LightweightDispatcher$2
Event: 1.010 Loading class java/awt/LightweightDispatcher$2 done
Event: 1.660 Loading class javax/swing/ClientPropertyKey
Event: 1.660 Loading class javax/swing/ClientPropertyKey done
Event: 1.660 Loading class javax/swing/ClientPropertyKey$1
Event: 1.660 Loading class sun/awt/AWTAccessor$ClientPropertyKeyAccessor
Event: 1.660 Loading class sun/awt/AWTAccessor$ClientPropertyKeyAccessor done
Event: 1.660 Loading class javax/swing/ClientPropertyKey$1 done
Event: 3.729 Loading class java/awt/Canvas
Event: 3.729 Loading class java/awt/Canvas done
Event: 3.729 Loading class java/awt/Scrollbar
Event: 3.730 Loading class java/awt/Adjustable
Event: 3.730 Loading class java/awt/Adjustable done
Event: 3.730 Loading class java/awt/Scrollbar done
Event: 8.283 Loading class java/security/DomainCombiner
Event: 8.283 Loading class java/security/DomainCombiner done

Classes unloaded (0 events):
No events

Classes redefined (0 events):
No events

Internal exceptions (15 events):
Event: 0.057 Thread 0x0000025cb83ce030 Exception <a 'java/lang/ClassNotFoundException'{0x0000000710886ca0}: sun/awt/resources/spi/awtProvider> (0x0000000710886ca0) 
thrown [s\src\hotspot\share\classfile\systemDictionary.cpp, line 312]
Event: 0.074 Thread 0x0000025cb83ce030 Exception <a 'java/io/FileNotFoundException'{0x00000007109c4850}> (0x00000007109c4850) 
thrown [s\src\hotspot\share\prims\jni.cpp, line 520]
Event: 0.078 Thread 0x0000025cb83ce030 Exception <a 'java/io/FileNotFoundException'{0x00000007109ef200}> (0x00000007109ef200) 
thrown [s\src\hotspot\share\prims\jni.cpp, line 520]
Event: 0.256 Thread 0x0000025cb83ce030 Exception <a 'java/lang/NoSuchMethodError'{0x000000071076e698}: 'void java.lang.invoke.DirectMethodHandle$Holder.invokeSpecial(java.lang.Object, java.lang.Object, java.lang.Object)'> (0x000000071076e698) 
thrown [s\src\hotspot\share\interpreter\linkResolver.cpp, line 773]
Event: 0.262 Thread 0x0000025cb83ce030 Exception <a 'java/lang/NoSuchMethodError'{0x0000000710794978}: 'java.lang.Object java.lang.invoke.DirectMethodHandle$Holder.newInvokeSpecial(java.lang.Object, java.lang.Object, java.lang.Object, java.lang.Object, java.lang.Object)'> (0x0000000710794978) 
thrown [s\src\hotspot\share\interpreter\linkResolver.cpp, line 773]
Event: 0.265 Thread 0x0000025cb83ce030 Exception <a 'java/lang/NoSuchMethodError'{0x00000007107c0fb0}: 'java.lang.Object java.lang.invoke.DirectMethodHandle$Holder.invokeStatic(java.lang.Object, int, java.lang.Object)'> (0x00000007107c0fb0) 
thrown [s\src\hotspot\share\interpreter\linkResolver.cpp, line 773]
Event: 0.278 Thread 0x0000025cb83ce030 Exception <a 'java/lang/ClassNotFoundException'{0x0000000710462118}: com/sun/swing/internal/plaf/metal/resources/spi/metalProvider> (0x0000000710462118) 
thrown [s\src\hotspot\share\classfile\systemDictionary.cpp, line 312]
Event: 0.278 Thread 0x0000025cb83ce030 Exception <a 'java/lang/ClassNotFoundException'{0x0000000710466e68}: com/sun/swing/internal/plaf/basic/resources/spi/basicProvider> (0x0000000710466e68) 
thrown [s\src\hotspot\share\classfile\systemDictionary.cpp, line 312]
Event: 0.285 Thread 0x0000025cb83ce030 Exception <a 'java/lang/NoSuchMethodError'{0x0000000710489fe0}: 'int java.lang.invoke.Invokers$Holder.invokeExact_MT(java.lang.Object, java.lang.Object)'> (0x0000000710489fe0) 
thrown [s\src\hotspot\share\interpreter\linkResolver.cpp, line 773]
Event: 0.314 Thread 0x0000025cd5c5d4c0 Exception <a 'java/lang/NoSuchMethodError'{0x00000007106efde8}: 'void java.lang.invoke.DirectMethodHandle$Holder.invokeVirtual(java.lang.Object, java.lang.Object)'> (0x00000007106efde8) 
thrown [s\src\hotspot\share\interpreter\linkResolver.cpp, line 773]
Event: 0.326 Thread 0x0000025cb83ce030 Exception <a 'java/lang/NoSuchMethodError'{0x000000071021e760}: 'void java.lang.invoke.DirectMethodHandle$Holder.invokeStaticInit(java.lang.Object)'> (0x000000071021e760) 
thrown [s\src\hotspot\share\interpreter\linkResolver.cpp, line 773]
Event: 0.433 Thread 0x0000025d2c81a4e0 Implicit null exception at 0x0000025cc5c8b184 to 0x0000025cc5c8c34c
Event: 2.062 Thread 0x0000025d2c81a4e0 Exception <a 'java/lang/NoSuchMethodError'{0x000000070ef6b948}: 'java.lang.Object java.lang.invoke.Invokers$Holder.linkToTargetMethod(int, int, int, int, java.lang.Object)'> (0x000000070ef6b948) 
thrown [s\src\hotspot\share\interpreter\linkResolver.cpp, line 773]
Event: 5.505 Thread 0x0000025d2c81a4e0 Implicit null exception at 0x0000025cc5cddc0f to 0x0000025cc5cde85c
Event: 5.506 Thread 0x0000025d2c81a4e0 Implicit null exception at 0x0000025cc5ce3013 to 0x0000025cc5ce3794

ZGC Phase Switch (0 events):
No events

VM Operations (20 events):
Event: 17.816 Executing VM operation: Cleanup
Event: 17.816 Executing VM operation: Cleanup done
Event: 18.823 Executing VM operation: Cleanup
Event: 18.823 Executing VM operation: Cleanup done
Event: 20.838 Executing VM operation: Cleanup
Event: 20.838 Executing VM operation: Cleanup done
Event: 22.313 Executing VM operation: G1CollectForAllocation (G1 Evacuation Pause)
Event: 22.314 Executing VM operation: G1CollectForAllocation (G1 Evacuation Pause) done
Event: 25.333 Executing VM operation: Cleanup
Event: 25.333 Executing VM operation: Cleanup done
Event: 27.349 Executing VM operation: Cleanup
Event: 27.349 Executing VM operation: Cleanup done
Event: 28.818 Executing VM operation: G1CollectForAllocation (G1 Evacuation Pause)
Event: 28.820 Executing VM operation: G1CollectForAllocation (G1 Evacuation Pause) done
Event: 30.824 Executing VM operation: Cleanup
Event: 30.824 Executing VM operation: Cleanup done
Event: 35.305 Executing VM operation: G1CollectForAllocation (G1 Evacuation Pause)
Event: 35.307 Executing VM operation: G1CollectForAllocation (G1 Evacuation Pause) done
Event: 36.321 Executing VM operation: Cleanup
Event: 36.321 Executing VM operation: Cleanup done

Memory protections (0 events):
No events

Nmethod flushes (0 events):
No events

Events (20 events):
Event: 0.316 Thread 0x0000025cd5c5d4c0 Thread added: 0x0000025d2c81a4e0
Event: 0.384 Thread 0x0000025cb83ce030 Thread added: 0x0000025d2c830380
Event: 0.384 Thread 0x0000025cb83ce030 Thread exited: 0x0000025cb83ce030
Event: 0.384 Thread 0x0000025d2c82e940 Thread added: 0x0000025d2c82e940
Event: 0.392 Thread 0x0000025d2c81a4e0 Thread added: 0x0000025d2c8310a0
Event: 0.421 Thread 0x0000025cd59ffdf0 Thread added: 0x0000025d2c968d00
Event: 0.421 Thread 0x0000025cd59ffdf0 Thread added: 0x0000025d2ca7e0d0
Event: 0.454 Thread 0x0000025cd58d4ba0 Thread added: 0x0000025d2c950230
Event: 0.454 Thread 0x0000025cd58d4ba0 Thread added: 0x0000025d2c95d680
Event: 0.727 Thread 0x0000025d2c95d680 Thread exited: 0x0000025d2c95d680
Event: 0.731 Thread 0x0000025d2c950230 Thread exited: 0x0000025d2c950230
Event: 1.097 Thread 0x0000025d2c968d00 Thread exited: 0x0000025d2c968d00
Event: 1.097 Thread 0x0000025d2ca7e0d0 Thread exited: 0x0000025d2ca7e0d0
Event: 1.812 Thread 0x0000025cd58d4ba0 Thread added: 0x0000025d2f90d930
Event: 1.947 Thread 0x0000025d2f90d930 Thread exited: 0x0000025d2f90d930
Event: 2.187 Thread 0x0000025cd58d4ba0 Thread added: 0x0000025d2cf1eb70
Event: 2.386 Thread 0x0000025d2cf1eb70 Thread exited: 0x0000025d2cf1eb70
Event: 7.485 Thread 0x0000025cd59ffdf0 Thread exited: 0x0000025cd59ffdf0
Event: 7.485 Thread 0x0000025d2c633500 Thread exited: 0x0000025d2c633500
Event: 7.801 Thread 0x0000025cd59f7720 Thread exited: 0x0000025cd59f7720


Dynamic libraries:
0x00007ff66b670000 - 0x00007ff66b67e000 	C:\Users\ilias\.p2\pool\plugins\org.eclipse.justj.openjdk.hotspot.jre.full.win32.x86_64_21.0.9.v20251105-0741\jre\bin\javaw.exe
0x00007ff969670000 - 0x00007ff969868000 	C:\WINDOWS\SYSTEM32\ntdll.dll
0x00007ff9677b0000 - 0x00007ff967872000 	C:\WINDOWS\System32\KERNEL32.DLL
0x00007ff9672d0000 - 0x00007ff9675c7000 	C:\WINDOWS\System32\KERNELBASE.dll
0x00007ff966eb0000 - 0x00007ff966fb0000 	C:\WINDOWS\System32\ucrtbase.dll
0x00007ff94f520000 - 0x00007ff94f53e000 	C:\Users\ilias\.p2\pool\plugins\org.eclipse.justj.openjdk.hotspot.jre.full.win32.x86_64_21.0.9.v20251105-0741\jre\bin\VCRUNTIME140.dll
0x00007ff9612f0000 - 0x00007ff961308000 	C:\Users\ilias\.p2\pool\plugins\org.eclipse.justj.openjdk.hotspot.jre.full.win32.x86_64_21.0.9.v20251105-0741\jre\bin\jli.dll
0x00007ff968a60000 - 0x00007ff968bfd000 	C:\WINDOWS\System32\USER32.dll
0x00007ff967070000 - 0x00007ff967092000 	C:\WINDOWS\System32\win32u.dll
0x00007ff959380000 - 0x00007ff95961b000 	C:\WINDOWS\WinSxS\amd64_microsoft.windows.common-controls_6595b64144ccf1df_6.0.19041.6926_none_60b5a53971f8f7e6\COMCTL32.dll
0x00007ff968dc0000 - 0x00007ff968deb000 	C:\WINDOWS\System32\GDI32.dll
0x00007ff968e10000 - 0x00007ff968eae000 	C:\WINDOWS\System32\msvcrt.dll
0x00007ff966d90000 - 0x00007ff966ea9000 	C:\WINDOWS\System32\gdi32full.dll
0x00007ff966cf0000 - 0x00007ff966d8d000 	C:\WINDOWS\System32\msvcp_win.dll
0x00007ff967e50000 - 0x00007ff967e7f000 	C:\WINDOWS\System32\IMM32.DLL
0x00007ff9626d0000 - 0x00007ff9626dc000 	C:\Users\ilias\.p2\pool\plugins\org.eclipse.justj.openjdk.hotspot.jre.full.win32.x86_64_21.0.9.v20251105-0741\jre\bin\vcruntime140_1.dll
0x00007ff946330000 - 0x00007ff9463bd000 	C:\Users\ilias\.p2\pool\plugins\org.eclipse.justj.openjdk.hotspot.jre.full.win32.x86_64_21.0.9.v20251105-0741\jre\bin\msvcp140.dll
0x00007ff873c60000 - 0x00007ff874a00000 	C:\Users\ilias\.p2\pool\plugins\org.eclipse.justj.openjdk.hotspot.jre.full.win32.x86_64_21.0.9.v20251105-0741\jre\bin\server\jvm.dll
0x00007ff968300000 - 0x00007ff9683b1000 	C:\WINDOWS\System32\ADVAPI32.dll
0x00007ff967ee0000 - 0x00007ff967f7f000 	C:\WINDOWS\System32\sechost.dll
0x00007ff967680000 - 0x00007ff9677a6000 	C:\WINDOWS\System32\RPCRT4.dll
0x00007ff966fb0000 - 0x00007ff966fd7000 	C:\WINDOWS\System32\bcrypt.dll
0x00007ff968c90000 - 0x00007ff968cfb000 	C:\WINDOWS\System32\WS2_32.dll
0x00007ff966380000 - 0x00007ff9663cb000 	C:\WINDOWS\SYSTEM32\POWRPROF.dll
0x00007ff95a180000 - 0x00007ff95a1a7000 	C:\WINDOWS\SYSTEM32\WINMM.dll
0x00007ff95fad0000 - 0x00007ff95fada000 	C:\WINDOWS\SYSTEM32\VERSION.dll
0x00007ff966270000 - 0x00007ff966282000 	C:\WINDOWS\SYSTEM32\UMPDC.dll
0x00007ff965520000 - 0x00007ff965532000 	C:\WINDOWS\SYSTEM32\kernel.appcore.dll
0x00007ff926f10000 - 0x00007ff926f1a000 	C:\Users\ilias\.p2\pool\plugins\org.eclipse.justj.openjdk.hotspot.jre.full.win32.x86_64_21.0.9.v20251105-0741\jre\bin\jimage.dll
0x00007ff9647e0000 - 0x00007ff9649e1000 	C:\WINDOWS\SYSTEM32\DBGHELP.DLL
0x00007ff9514c0000 - 0x00007ff9514f4000 	C:\WINDOWS\SYSTEM32\dbgcore.DLL
0x00007ff966fe0000 - 0x00007ff967062000 	C:\WINDOWS\System32\bcryptPrimitives.dll
0x00007ff926bf0000 - 0x00007ff926c10000 	C:\Users\ilias\.p2\pool\plugins\org.eclipse.justj.openjdk.hotspot.jre.full.win32.x86_64_21.0.9.v20251105-0741\jre\bin\java.dll
0x00007ff968eb0000 - 0x00007ff969622000 	C:\WINDOWS\System32\SHELL32.dll
0x00007ff964d70000 - 0x00007ff965516000 	C:\WINDOWS\SYSTEM32\windows.storage.dll
0x00007ff967880000 - 0x00007ff967bd3000 	C:\WINDOWS\System32\combase.dll
0x00007ff966720000 - 0x00007ff96674b000 	C:\WINDOWS\SYSTEM32\Wldp.dll
0x00007ff968110000 - 0x00007ff9681dd000 	C:\WINDOWS\System32\OLEAUT32.dll
0x00007ff968d00000 - 0x00007ff968dad000 	C:\WINDOWS\System32\SHCORE.dll
0x00007ff967d90000 - 0x00007ff967deb000 	C:\WINDOWS\System32\shlwapi.dll
0x00007ff966c20000 - 0x00007ff966c44000 	C:\WINDOWS\SYSTEM32\profapi.dll
0x00007ff926bd0000 - 0x00007ff926be8000 	C:\Users\ilias\.p2\pool\plugins\org.eclipse.justj.openjdk.hotspot.jre.full.win32.x86_64_21.0.9.v20251105-0741\jre\bin\zip.dll
0x00007ff926050000 - 0x00007ff9261df000 	C:\Users\ilias\.p2\pool\plugins\org.eclipse.justj.openjdk.hotspot.jre.full.win32.x86_64_21.0.9.v20251105-0741\jre\bin\awt.dll
0x00007ff963220000 - 0x00007ff9632b4000 	C:\WINDOWS\SYSTEM32\apphelp.dll
0x00007ff9644e0000 - 0x00007ff96450f000 	C:\WINDOWS\system32\DWMAPI.DLL
0x00007ff964220000 - 0x00007ff9642be000 	C:\WINDOWS\system32\uxtheme.dll
0x00007ff8f5e20000 - 0x00007ff8f5f48000 	C:\WINDOWS\system32\opengl32.dll
0x00007ff9427a0000 - 0x00007ff9427cc000 	C:\WINDOWS\SYSTEM32\GLU32.dll
0x00007ff9681e0000 - 0x00007ff9682f5000 	C:\WINDOWS\System32\MSCTF.dll
0x00007ff967f80000 - 0x00007ff9680ab000 	C:\WINDOWS\System32\ole32.dll
0x00007ff8f1b30000 - 0x00007ff8f1d01000 	C:\WINDOWS\system32\d3d9.dll
0x00007ff915970000 - 0x00007ff915990000 	C:\WINDOWS\System32\DriverStore\FileRepository\u0197639.inf_amd64_6e9872ffe0e526d3\B025646\atidx9loader64.dll
0x00007ff8b42d0000 - 0x00007ff8b69eb000 	C:\WINDOWS\System32\DriverStore\FileRepository\u0197639.inf_amd64_6e9872ffe0e526d3\B025646\AMDXN64.DLL
0x00007ff9684c0000 - 0x00007ff968930000 	C:\WINDOWS\System32\SETUPAPI.dll
0x00007ff967200000 - 0x00007ff96724e000 	C:\WINDOWS\System32\cfgmgr32.dll
0x00007ff965580000 - 0x00007ff965676000 	C:\WINDOWS\SYSTEM32\dxgi.dll
0x00007ff959d00000 - 0x00007ff959d3c000 	C:\WINDOWS\System32\DriverStore\FileRepository\u0197639.inf_amd64_6e9872ffe0e526d3\B025646\amdihk64.dll
0x00007ff95da80000 - 0x00007ff95dabb000 	C:\WINDOWS\SYSTEM32\dxcore.dll
0x00007ff925ed0000 - 0x00007ff925f57000 	C:\Users\ilias\.p2\pool\plugins\org.eclipse.justj.openjdk.hotspot.jre.full.win32.x86_64_21.0.9.v20251105-0741\jre\bin\freetype.dll
0x00007ff925dd0000 - 0x00007ff925ec2000 	C:\Users\ilias\.p2\pool\plugins\org.eclipse.justj.openjdk.hotspot.jre.full.win32.x86_64_21.0.9.v20251105-0741\jre\bin\fontmanager.dll
0x00007ff926a30000 - 0x00007ff926a40000 	C:\Users\ilias\.p2\pool\plugins\org.eclipse.justj.openjdk.hotspot.jre.full.win32.x86_64_21.0.9.v20251105-0741\jre\bin\net.dll
0x00007ff960d50000 - 0x00007ff960e5a000 	C:\WINDOWS\SYSTEM32\WINHTTP.dll
0x00007ff966480000 - 0x00007ff9664ea000 	C:\WINDOWS\system32\mswsock.dll
0x00007ff926a10000 - 0x00007ff926a26000 	C:\Users\ilias\.p2\pool\plugins\org.eclipse.justj.openjdk.hotspot.jre.full.win32.x86_64_21.0.9.v20251105-0741\jre\bin\nio.dll
0x00007ff9507f0000 - 0x00007ff9508e9000 	C:\WINDOWS\SYSTEM32\textinputframework.dll
0x00007ff962c50000 - 0x00007ff962fab000 	C:\WINDOWS\System32\CoreUIComponents.dll
0x00007ff9636f0000 - 0x00007ff9637e2000 	C:\WINDOWS\System32\CoreMessaging.dll
0x00007ff965f80000 - 0x00007ff965fb3000 	C:\WINDOWS\SYSTEM32\ntmarta.dll
0x00007ff961760000 - 0x00007ff9618b7000 	C:\WINDOWS\SYSTEM32\wintypes.dll

JVMTI agents: none

dbghelp: loaded successfully - version: 4.0.5 - missing functions: none
symbol engine: initialized successfully - sym options: 0x614 - pdb path: .;C:\Users\ilias\.p2\pool\plugins\org.eclipse.justj.openjdk.hotspot.jre.full.win32.x86_64_21.0.9.v20251105-0741\jre\bin;C:\WINDOWS\SYSTEM32;C:\WINDOWS\WinSxS\amd64_microsoft.windows.common-controls_6595b64144ccf1df_6.0.19041.6926_none_60b5a53971f8f7e6;C:\Users\ilias\.p2\pool\plugins\org.eclipse.justj.openjdk.hotspot.jre.full.win32.x86_64_21.0.9.v20251105-0741\jre\bin\server;C:\WINDOWS\System32\DriverStore\FileRepository\u0197639.inf_amd64_6e9872ffe0e526d3\B025646

VM Arguments:
jvm_args: -Dfile.encoding=UTF-8 -Dstdout.encoding=UTF-8 -Dstderr.encoding=UTF-8 -XX:+ShowCodeDetailsInExceptionMessages 
java_command: test.TestGame
java_class_path (initial): C:\Users\ilias\OneDrive\Bureau\cours\java\glS4\projetRTS\javaproject\bin
Launcher Type: SUN_STANDARD

[Global flags]
     intx CICompilerCount                          = 12                                        {product} {ergonomic}
     uint ConcGCThreads                            = 3                                         {product} {ergonomic}
     uint G1ConcRefinementThreads                  = 13                                        {product} {ergonomic}
   size_t G1HeapRegionSize                         = 2097152                                   {product} {ergonomic}
    uintx GCDrainStackTargetSize                   = 64                                        {product} {ergonomic}
   size_t InitialHeapSize                          = 268435456                                 {product} {ergonomic}
   size_t MarkStackSize                            = 4194304                                   {product} {ergonomic}
   size_t MaxHeapSize                              = 4282384384                                {product} {ergonomic}
   size_t MaxNewSize                               = 2569011200                                {product} {ergonomic}
   size_t MinHeapDeltaBytes                        = 2097152                                   {product} {ergonomic}
   size_t MinHeapSize                              = 8388608                                   {product} {ergonomic}
    uintx NonNMethodCodeHeapSize                   = 7602480                                {pd product} {ergonomic}
    uintx NonProfiledCodeHeapSize                  = 122027880                              {pd product} {ergonomic}
    uintx ProfiledCodeHeapSize                     = 122027880                              {pd product} {ergonomic}
    uintx ReservedCodeCacheSize                    = 251658240                              {pd product} {ergonomic}
     bool SegmentedCodeCache                       = true                                      {product} {ergonomic}
     bool ShowCodeDetailsInExceptionMessages       = true                                   {manageable} {command line}
   size_t SoftMaxHeapSize                          = 4282384384                             {manageable} {ergonomic}
     bool UseCompressedOops                        = true                           {product lp64_product} {ergonomic}
     bool UseG1GC                                  = true                                      {product} {ergonomic}
     bool UseLargePagesIndividualAllocation        = false                                  {pd product} {ergonomic}

Logging:
Log output configuration:
 #0: stdout all=warning uptime,level,tags foldmultilines=false
 #1: stderr all=off uptime,level,tags foldmultilines=false

Release file:
JAVA_VERSION="21.0.9" 
MODULES="java.base java.compiler java.datatransfer java.xml java.prefs java.desktop java.instrument java.logging java.management java.security.sasl java.naming java.rmi java.management.rmi java.net.http java.scripting java.security.jgss java.transaction.xa java.sql java.sql.rowset java.xml.crypto java.se java.smartcardio jdk.accessibility jdk.internal.jvmstat jdk.attach jdk.charsets jdk.internal.opt jdk.zipfs jdk.compiler jdk.crypto.ec jdk.crypto.cryptoki jdk.crypto.mscapi jdk.dynalink jdk.internal.ed jdk.editpad jdk.hotspot.agent jdk.httpserver jdk.internal.le jdk.internal.vm.ci jdk.internal.vm.compiler jdk.internal.vm.compiler.management jdk.jartool jdk.javadoc jdk.jcmd jdk.management jdk.management.agent jdk.jconsole jdk.jdeps jdk.jdwp.agent jdk.jdi jdk.jfr jdk.jshell jdk.jsobject jdk.jstatd jdk.localedata jdk.management.jfr jdk.naming.dns jdk.naming.rmi jdk.net jdk.nio.mapmode jdk.random jdk.sctp jdk.security.auth jdk.security.jgss jdk.unsupported jdk.unsupported.desktop jdk.xml.dom" 

Environment Variables:
PATH=C:/Users/ilias/.p2/pool/plugins/org.eclipse.justj.openjdk.hotspot.jre.full.win32.x86_64_21.0.9.v20251105-0741/jre/bin/server;C:/Users/ilias/.p2/pool/plugins/org.eclipse.justj.openjdk.hotspot.jre.full.win32.x86_64_21.0.9.v20251105-0741/jre/bin;C:\WINDOWS\system32;C:\WINDOWS;C:\WINDOWS\System32\Wbem;C:\WINDOWS\System32\WindowsPowerShell\v1.0\;C:\WINDOWS\System32\OpenSSH\;C:\Program Files\dotnet\;C:\Program Files\Git\cmd;C:\Users\ilias\AppData\Local\Microsoft\WindowsApps;C:\Users\ilias\.p2\pool\plugins\org.eclipse.justj.openjdk.hotspot.jre.full.win32.x86_64_21.0.9.v20251105-0741\jre\bin;C:\Users\ilias\AppData\Local\Programs\Microsoft VS Code\bin;C:\Users\ilias\OneDrive\Bureau;
USERNAME=ilias
OS=Windows_NT
PROCESSOR_IDENTIFIER=AMD64 Family 23 Model 113 Stepping 0, AuthenticAMD
TMP=C:\Users\ilias\AppData\Local\Temp
TEMP=C:\Users\ilias\AppData\Local\Temp




Periodic native trim disabled

---------------  S Y S T E M  ---------------

OS:
 Windows 10 , 64 bit Build 19041 (10.0.19041.6807)
OS uptime: 0 days 0:40 hours

CPU: total 16 (initial active 16) (16 cores per cpu, 2 threads per core) family 23 model 113 stepping 0 microcode 0x0, cx8, cmov, fxsr, ht, mmx, 3dnowpref, sse, sse2, sse3, ssse3, sse4a, sse4.1, sse4.2, popcnt, lzcnt, tsc, tscinvbit, avx, avx2, aes, clmul, bmi1, bmi2, adx, sha, fma, vzeroupper, clflush, clflushopt, rdtscp, rdpid, f16c
Processor Information for the first 16 processors :
  Max Mhz: 3593, Current Mhz: 3593, Mhz Limit: 3593

Memory: 4k page, system-wide physical 16334M (4937M free)
TotalPageFile size 35790M (AvailPageFile size 15390M)
current process WorkingSet (physical memory assigned to process): 337M, peak: 339M
current process commit charge ("private bytes"): 523M, peak: 526M

vm_info: OpenJDK 64-Bit Server VM (21.0.9+10-LTS) for windows-amd64 JRE (21.0.9+10-LTS), built on 2025-10-21T00:00:00Z by "admin" with unknown MS VC++:1942

END.
